// Jest Snapshot v1, https://goo.gl/fbAQLP

exports[`About renders correctly 1`] = `
<Layout>
  <h1>
    About 
    Testing
  </h1>
  <p>
    We're the only site running on your computer dedicated to showing the best photos and videos of pandas eating lots of food.
  </p>
</Layout>
`;
