// Jest Snapshot v1, https://goo.gl/fbAQLP

exports[`Index renders correctly 1`] = `
<Layout>
  <div
    id="main"
  >
    <section
      id="one"
    >
      <header
        className="major"
      >
        <h2>
          Youtube z-index fix
        </h2>
      </header>
      <p>
        Flash appearing behind elements is a common problem with a relatively simple fix â€” simply add wmode=transparent to the object tag and your Flash movie will behave nicely with the CSS z-index property.
      </p>
      <ul
        className="actions"
      >
        <li>
          <a
            className="button"
            href="youtube-z-index-fix"
          >
            Continue reading
          </a>
        </li>
      </ul>
    </section>
    <section
      id="two"
    >
      <h2>
        Recent Posts
      </h2>
      <ul
        className="actions"
      >
        <li>
          <a
            href="css-attribute-selectors"
          >
            CSS attribute Selectors
          </a>
        </li>
      </ul>
    </section>
  </div>
</Layout>
`;
